
Memory Configuration

Name             Origin             Length             Attributes
Mem              0x00000000         0x04000000         xrw
*default*        0x00000000         0xffffffff

Linker script and memory map

                0x00010000                . = 0x10000

.startup        0x00010000       0x10
 startup.o(.text)
 .text          0x00010000       0x10 startup.o
                0x00010000                reset

.text           0x00010010       0x74
 *(.text)
 .text          0x00010010       0x20 App.o
                0x00010010                main
 .text          0x00010030       0x54 UART.o
                0x00010030                MUART_vSendString
 *(.rodata)

.glue_7         0x00010084        0x0
 .glue_7        0x00010084        0x0 linker stubs

.glue_7t        0x00010084        0x0
 .glue_7t       0x00010084        0x0 linker stubs

.vfp11_veneer   0x00010084        0x0
 .vfp11_veneer  0x00010084        0x0 linker stubs

.v4_bx          0x00010084        0x0
 .v4_bx         0x00010084        0x0 linker stubs

.iplt           0x00010084        0x0
 .iplt          0x00010084        0x0 startup.o

.rel.dyn        0x00010084        0x0
 .rel.iplt      0x00010084        0x0 startup.o

.data           0x00010084       0x64
 *(.data)
 .data          0x00010084        0x0 startup.o
 .data          0x00010084       0x64 App.o
                0x00010084                G_s8Buffer
 .data          0x000100e8        0x0 UART.o

.igot.plt       0x000100e8        0x0
 .igot.plt      0x000100e8        0x0 startup.o

.bss            0x000100e8       0x7e
 *(.bss)
 .bss           0x000100e8        0x0 startup.o
 .bss           0x000100e8        0x0 App.o
 .bss           0x000100e8        0x0 UART.o
 *(.comment)
 .comment       0x000100e8       0x7e App.o
                                 0x7f (size before relaxing)
 .comment       0x00010166       0x7f UART.o
                0x000111e5                . = (. + 0x1000)
                0x000111e5                stack_top = .
LOAD App.o
LOAD UART.o
LOAD startup.o
OUTPUT(learn-in-depth.elf elf32-littlearm)

.ARM.attributes
                0x00000000       0x2e
 .ARM.attributes
                0x00000000       0x22 startup.o
 .ARM.attributes
                0x00000022       0x32 App.o
 .ARM.attributes
                0x00000054       0x32 UART.o
